// Jest Snapshot v1, https://goo.gl/fbAQLP

exports[`should render save to playlist form correctly 1`] = `
<PopoverForm
  className="save-to-playlist"
  disabledSave={true}
  handleCancel={[Function]}
  handleSave={[Function]}
  title="Save to a Playlist"
>
  <div
    className="playlist-field"
  >
    <WithStyles(ForwardRef(TextField))
      className="text-field"
      label="Playlist"
      name="PlaylistId"
      onChange={[Function]}
      select={true}
      size="small"
      value=""
      variant="outlined"
    />
    <WithStyles(ForwardRef(IconButton))
      className="add-icon"
      name="refreshPlaylists"
      onClick={[MockFunction]}
      size="small"
    >
      <Memo([object Object]) />
    </WithStyles(ForwardRef(IconButton))>
  </div>
  <div
    className="track-field"
  >
    <WithStyles(ForwardRef(TextField))
      className="text-field"
      error={false}
      label="Track URL"
      name="trackUrl"
      onChange={[Function]}
      size="small"
      value=""
      variant="outlined"
    />
    <WithStyles(ForwardRef(IconButton))
      className="add-icon"
      disabled={true}
      name="searchForTrack"
      onClick={[Function]}
      size="small"
    >
      <Memo([object Object]) />
    </WithStyles(ForwardRef(IconButton))>
  </div>
  <TrackInfo
    track={Object {}}
  />
</PopoverForm>
`;
