// Jest Snapshot v1, https://goo.gl/fbAQLP

exports[`should render track info correctly 1`] = `
<WithStyles(ForwardRef(Card))
  variant="outlined"
>
  <WithStyles(ForwardRef(CardContent))
    className="track-info"
  >
    <img
      alt="track's album cover"
      src="image url"
    />
    <div
      className="info"
    >
      <div>
        <WithStyles(ForwardRef(Typography))
          className="name"
          component="h2"
          variant="h6"
        >
          track name
        </WithStyles(ForwardRef(Typography))>
        <WithStyles(ForwardRef(Typography))
          className="artists"
          color="textSecondary"
          variant="body2"
        >
          artist1, artist2
        </WithStyles(ForwardRef(Typography))>
      </div>
      <div>
        <WithStyles(ForwardRef(Typography))
          className="album"
          variant="body1"
        >
          album name
        </WithStyles(ForwardRef(Typography))>
      </div>
    </div>
  </WithStyles(ForwardRef(CardContent))>
</WithStyles(ForwardRef(Card))>
`;
